(---------------------------------------------------------------------)
(                                                                     )
(    Allegro Netrev Import Logic                                      )
(                                                                     )
(    Drawing          : PerfecTea_rev_2-Template.brd                  )
(    Software Version : 17.2S013                                      )
(    Date/Time        : Mon Apr 16 09:28:38 2018                      )
(                                                                     )
(---------------------------------------------------------------------)


------ Directives ------------

Ripup etch:                  No
Ripup delete first segment:  No
Ripup retain bondwire:       No
Ripup symbols:               Always
Missing symbol has error:    No
DRC update:                  Yes
Schematic directory:         'H:\PERFECTEA SCHEMATIC AND PCB DESIGN\allegro'
Design Directory:            'H:/PERFECTEA SCHEMATIC AND PCB DESIGN/allegro'
Old design name:             'H:/PerfecTea Schematic and PCB Design/Allegro/PerfecTea_rev_2-Template.brd'
New design name:             'H:/PERFECTEA SCHEMATIC AND PCB DESIGN/allegro/PerfecTea_rev_2.brd'

CmdLine: netrev.exe -y 1 -i H:\PERFECTEA SCHEMATIC AND PCB DESIGN\allegro H:\PerfecTea Schematic and PCB Design\Allegro\PerfecTea_rev_2-Template.brd H:\PERFECTEA SCHEMATIC AND PCB DESIGN\allegro\PerfecTea_rev_2.brd

------ Preparing to read pst files ------

Starting to read H:/PERFECTEA SCHEMATIC AND PCB DESIGN/allegro/pstchip.dat 
   Finished reading H:/PERFECTEA SCHEMATIC AND PCB DESIGN/allegro/pstchip.dat (00:00:00.09)
Starting to read H:/PERFECTEA SCHEMATIC AND PCB DESIGN/allegro/pstxprt.dat 
   Finished reading H:/PERFECTEA SCHEMATIC AND PCB DESIGN/allegro/pstxprt.dat (00:00:00.00)
Starting to read H:/PERFECTEA SCHEMATIC AND PCB DESIGN/allegro/pstxnet.dat 
   Finished reading H:/PERFECTEA SCHEMATIC AND PCB DESIGN/allegro/pstxnet.dat (00:00:00.00)

------ Oversights/Warnings/Errors ------


#1   WARNING(SPMHNI-192): Device/Symbol check warning detected. [help]

WARNING(SPMHNI-194): Symbol 'GU-HEADER26' used by RefDes J2 for device 'HEADER 13X2_GU-HEADER26_3.5 WAV' not found in PSMPATH or must be "dbdoctor"ed.

------ Library Paths ------
MODULEPATH =  . 
           c:/cadence/spb_17.2/share/local/pcb/modules 

PSMPATH =  . 
           symbols 
           .. 
           ../symbols 
           c:/cadence/spb_17.2/share/local/pcb/symbols 
           c:/cadence/spb_17.2/share/pcb/pcb_lib/symbols 
           c:/cadence/spb_17.2/share/pcb/allegrolib/symbols 

PADPATH =  . 
           symbols 
           .. 
           ../symbols 
           c:/cadence/spb_17.2/share/local/pcb/padstacks 
           c:/cadence/spb_17.2/share/pcb/pcb_lib/symbols 
           c:/cadence/spb_17.2/share/pcb/allegrolib/symbols 


------ Summary Statistics ------


netrev run on Apr 16 9:28:38 2018
   DESIGN NAME : 'REALTIME'
   PACKAGING ON Jan  9 2017 17:57:56

   COMPILE 'logic'
   CHECK_PIN_NAMES OFF
   CROSS_REFERENCE OFF
   FEEDBACK OFF
   INCREMENTAL OFF
   INTERFACE_TYPE PHYSICAL
   MAX_ERRORS 500
   MERGE_MINIMUM 5
   NET_NAME_CHARS '#%&()*+-./:=>?@[]^_`|'
   NET_NAME_LENGTH 24
   OVERSIGHTS ON
   REPLACE_CHECK OFF
   SINGLE_NODE_NETS ON
   SPLIT_MINIMUM 0
   SUPPRESS   20
   WARNINGS ON

 No error detected
 No oversight detected
  1 warnings detected

cpu time      0:03:32
elapsed time  0:00:00

